
> template_react26@0.1.0 build
> react-scripts build

node.exe : (node:23592) [DEP0176] DeprecationWarning: fs.F_OK is deprecated, 
use fs.constants.F_OK instead
Au caractère Ligne:1 : 1
+ & "C:\Program Files\nodejs/node.exe" "C:\Program Files\nodejs/node_mo ...
+ ~~~~~~~~~~~~~~~~~~~~~~~~~~~~~~~~~~~~~~~~~~~~~~~~~~~~~~~~~~~~~~~~~~~~~
    + CategoryInfo          : NotSpecified: ((node:23592) [D...ts.F_OK instead 
   :String) [], RemoteException
    + FullyQualifiedErrorId : NativeCommandError
 
(Use `node --trace-deprecation ...` to show where the warning was created)
Creating an optimized production build...
Compiled with warnings.

[eslint] 
src\pages\LiveClasses.jsx
  Line 23:11:  'isTeacher' is assigned a value but never used  no-unused-vars

src\pages\RegisterPage.jsx
  Line 12:11:  Unexpected empty object pattern  no-empty-pattern

src\pages\student\StudentDashboardPage.jsx
  Line 2:10:  'CalendarDays' is defined but never used  no-unused-vars
  Line 2:24:  'CheckCircle2' is defined but never used  no-unused-vars

src\pages\student\StudentLearningPage.jsx
  Line 1:10:  'BookOpen' is defined but never used  no-unused-vars

src\pages\student\StudentLiveCoursesPage.jsx
  Line 1:10:  'CalendarDays' is defined but never used  no-unused-vars

src\pages\student\StudentNotificationsPage.jsx
  Line 1:20:  'Sparkles' is defined but never used  no-unused-vars

src\pages\student\StudentPaymentsPage.jsx
  Line 1:10:  'CreditCard' is defined but never used  no-unused-vars

Search for the keywords to learn more about each warning.
To ignore, add // eslint-disable-next-line to the line before.

File sizes after gzip:

  167.25 kB  build\static\js\main.ec431c34.js
  7.81 kB    build\static\css\main.63182252.css
  161 B      build\static\js\488.8500100a.chunk.js

The project was built assuming it is hosted at /.
You can control this with the homepage field in your package.json.

The build folder is ready to be deployed.
You may serve it with a static server:

  npm install -g serve
  serve -s build

Find out more about deployment here:

  https://cra.link/deployment

